// Jest Snapshot v1, https://goo.gl/fbAQLP

exports[`renders correctly  1`] = `
Object {
  "asFragment": [Function],
  "baseElement": <body>
    <div>
      <div
        class="app__container"
      >
        <div
          class="App"
        >
          <div
            class=""
          >
            <div
              class="container header"
            >
              <div>
                X
              </div>
              <div>
                Y
              </div>
              <div>
                X + Y
              </div>
              <div>
                X * Y
              </div>
              <div>
                X ^ Y
              </div>
            </div>
            <div
              class=""
            >
              <div
                class="container"
              >
                <div
                  class="editable__box"
                  contenteditable="true"
                />
                <div
                  class="editable__box"
                  contenteditable="true"
                />
                <div
                  class="editable__box"
                  contenteditable="false"
                />
                <div
                  class="editable__box"
                  contenteditable="false"
                />
                <div
                  class="editable__box"
                  contenteditable="false"
                />
              </div>
              <div
                class="button__container"
              />
              <button
                class=""
              >
                Add Row
              </button>
            </div>
          </div>
        </div>
      </div>
    </div>
  </body>,
  "container": <div>
    <div
      class="app__container"
    >
      <div
        class="App"
      >
        <div
          class=""
        >
          <div
            class="container header"
          >
            <div>
              X
            </div>
            <div>
              Y
            </div>
            <div>
              X + Y
            </div>
            <div>
              X * Y
            </div>
            <div>
              X ^ Y
            </div>
          </div>
          <div
            class=""
          >
            <div
              class="container"
            >
              <div
                class="editable__box"
                contenteditable="true"
              />
              <div
                class="editable__box"
                contenteditable="true"
              />
              <div
                class="editable__box"
                contenteditable="false"
              />
              <div
                class="editable__box"
                contenteditable="false"
              />
              <div
                class="editable__box"
                contenteditable="false"
              />
            </div>
            <div
              class="button__container"
            />
            <button
              class=""
            >
              Add Row
            </button>
          </div>
        </div>
      </div>
    </div>
  </div>,
  "debug": [Function],
  "findAllByAltText": [Function],
  "findAllByDisplayValue": [Function],
  "findAllByLabelText": [Function],
  "findAllByPlaceholderText": [Function],
  "findAllByRole": [Function],
  "findAllByTestId": [Function],
  "findAllByText": [Function],
  "findAllByTitle": [Function],
  "findByAltText": [Function],
  "findByDisplayValue": [Function],
  "findByLabelText": [Function],
  "findByPlaceholderText": [Function],
  "findByRole": [Function],
  "findByTestId": [Function],
  "findByText": [Function],
  "findByTitle": [Function],
  "getAllByAltText": [Function],
  "getAllByDisplayValue": [Function],
  "getAllByLabelText": [Function],
  "getAllByPlaceholderText": [Function],
  "getAllByRole": [Function],
  "getAllByTestId": [Function],
  "getAllByText": [Function],
  "getAllByTitle": [Function],
  "getByAltText": [Function],
  "getByDisplayValue": [Function],
  "getByLabelText": [Function],
  "getByPlaceholderText": [Function],
  "getByRole": [Function],
  "getByTestId": [Function],
  "getByText": [Function],
  "getByTitle": [Function],
  "queryAllByAltText": [Function],
  "queryAllByDisplayValue": [Function],
  "queryAllByLabelText": [Function],
  "queryAllByPlaceholderText": [Function],
  "queryAllByRole": [Function],
  "queryAllByTestId": [Function],
  "queryAllByText": [Function],
  "queryAllByTitle": [Function],
  "queryByAltText": [Function],
  "queryByDisplayValue": [Function],
  "queryByLabelText": [Function],
  "queryByPlaceholderText": [Function],
  "queryByRole": [Function],
  "queryByTestId": [Function],
  "queryByText": [Function],
  "queryByTitle": [Function],
  "rerender": [Function],
  "unmount": [Function],
}
`;
